
> decode@0.1.0 build
> next build

   Γû▓ Next.js 16.0.7 (Turbopack)

   Creating an optimized production build ...
 Γ£ô Compiled successfully in 17.9s
   Running TypeScript ...
   Collecting page data using 3 workers ...
   Generating static pages using 3 workers (0/9) ...
   Generating static pages using 3 workers (2/9) 
   Generating static pages using 3 workers (4/9) 
   Generating static pages using 3 workers (6/9) 
 Γ£ô Generating static pages using 3 workers (9/9) in 5.2s
   Finalizing page optimization ...

Route (app)
Γöî Γùï /
Γö£ Γùï /_not-found
Γö£ Γùï /about
Γö£ Γùï /cipher
Γö£ Γùï /contact
Γö£ Γùï /documentation
Γöö Γùï /review


Γùï  (Static)  prerendered as static content

